TimeQuest Timing Analyzer report for MDOnAChip
Sun Jan 27 22:47:42 2013
Quartus II 32-bit Version 12.1 Build 177 11/07/2012 SJ Web Edition


---------------------
; Table of Contents ;
---------------------
  1. Legal Notice
  2. TimeQuest Timing Analyzer Summary
  3. Parallel Compilation
  4. Clocks
  5. Slow Model Fmax Summary
  6. Slow Model Setup Summary
  7. Slow Model Hold Summary
  8. Slow Model Recovery Summary
  9. Slow Model Removal Summary
 10. Slow Model Minimum Pulse Width Summary
 11. Slow Model Minimum Pulse Width: 'altera_reserved_tck'
 12. Propagation Delay
 13. Minimum Propagation Delay
 14. Fast Model Setup Summary
 15. Fast Model Hold Summary
 16. Fast Model Recovery Summary
 17. Fast Model Removal Summary
 18. Fast Model Minimum Pulse Width Summary
 19. Fast Model Minimum Pulse Width: 'altera_reserved_tck'
 20. Propagation Delay
 21. Minimum Propagation Delay
 22. Multicorner Timing Analysis Summary
 23. Progagation Delay
 24. Minimum Progagation Delay
 25. Clock Transfers
 26. Report TCCS
 27. Report RSKM
 28. Unconstrained Paths
 29. TimeQuest Timing Analyzer Messages



----------------
; Legal Notice ;
----------------
Copyright (C) 1991-2012 Altera Corporation
Your use of Altera Corporation's design tools, logic functions 
and other software and tools, and its AMPP partner logic 
functions, and any output files from any of the foregoing 
(including device programming or simulation files), and any 
associated documentation or information are expressly subject 
to the terms and conditions of the Altera Program License 
Subscription Agreement, Altera MegaCore Function License 
Agreement, or other applicable license agreement, including, 
without limitation, that your use is for the sole purpose of 
programming logic devices manufactured by Altera and sold by 
Altera or its authorized distributors.  Please refer to the 
applicable agreement for further details.



+-----------------------------------------------------------------------+
; TimeQuest Timing Analyzer Summary                                     ;
+--------------------+--------------------------------------------------+
; Quartus II Version ; Version 12.1 Build 177 11/07/2012 SJ Web Edition ;
; Revision Name      ; MDOnAChip                                        ;
; Device Family      ; Cyclone II                                       ;
; Device Name        ; EP2C20F484C7                                     ;
; Timing Models      ; Final                                            ;
; Delay Model        ; Combined                                         ;
; Rise/Fall Delays   ; Unavailable                                      ;
+--------------------+--------------------------------------------------+


+------------------------------------------+
; Parallel Compilation                     ;
+----------------------------+-------------+
; Processors                 ; Number      ;
+----------------------------+-------------+
; Number detected on machine ; 2           ;
; Maximum allowed            ; 2           ;
;                            ;             ;
; Average used               ; 1.00        ;
; Maximum used               ; 1           ;
;                            ;             ;
; Usage by Processor         ; % Time Used ;
;     1 processor            ; 100.0%      ;
;     2 processors           ;   0.0%      ;
+----------------------------+-------------+


+-----------------------------------------------------------------------------------------------------------------------------------------------------------------------------------------------------------+
; Clocks                                                                                                                                                                                                    ;
+---------------------+------+---------+-----------+-------+--------+------------+-----------+-------------+-------+--------+-----------+------------+----------+--------+--------+-------------------------+
; Clock Name          ; Type ; Period  ; Frequency ; Rise  ; Fall   ; Duty Cycle ; Divide by ; Multiply by ; Phase ; Offset ; Edge List ; Edge Shift ; Inverted ; Master ; Source ; Targets                 ;
+---------------------+------+---------+-----------+-------+--------+------------+-----------+-------------+-------+--------+-----------+------------+----------+--------+--------+-------------------------+
; altera_reserved_tck ; Base ; 100.000 ; 10.0 MHz  ; 0.000 ; 50.000 ;            ;           ;             ;       ;        ;           ;            ;          ;        ;        ; { altera_reserved_tck } ;
+---------------------+------+---------+-----------+-------+--------+------------+-----------+-------------+-------+--------+-----------+------------+----------+--------+--------+-------------------------+


---------------------------
; Slow Model Fmax Summary ;
---------------------------
No paths to report.


----------------------------
; Slow Model Setup Summary ;
----------------------------
No paths to report.


---------------------------
; Slow Model Hold Summary ;
---------------------------
No paths to report.


-------------------------------
; Slow Model Recovery Summary ;
-------------------------------
No paths to report.


------------------------------
; Slow Model Removal Summary ;
------------------------------
No paths to report.


+----------------------------------------------+
; Slow Model Minimum Pulse Width Summary       ;
+---------------------+--------+---------------+
; Clock               ; Slack  ; End Point TNS ;
+---------------------+--------+---------------+
; altera_reserved_tck ; 97.531 ; 0.000         ;
+---------------------+--------+---------------+


+-------------------------------------------------------------------------------------------------------------+
; Slow Model Minimum Pulse Width: 'altera_reserved_tck'                                                       ;
+--------+--------------+----------------+-----------+---------------------+------------+---------------------+
; Slack  ; Actual Width ; Required Width ; Type      ; Clock               ; Clock Edge ; Target              ;
+--------+--------------+----------------+-----------+---------------------+------------+---------------------+
; 97.531 ; 100.000      ; 2.469          ; Port Rate ; altera_reserved_tck ; Rise       ; altera_reserved_tck ;
+--------+--------------+----------------+-----------+---------------------+------------+---------------------+


+----------------------------------------------------------------+
; Propagation Delay                                              ;
+--------------+-------------+--------+--------+--------+--------+
; Input Port   ; Output Port ; RR     ; RF     ; FR     ; FF     ;
+--------------+-------------+--------+--------+--------+--------+
; SW_Push[0]   ; LED_Red[0]  ; 9.992  ;        ;        ; 9.992  ;
; SW_Toggle[0] ; LED_Red[0]  ; 5.523  ; 5.523  ; 5.523  ; 5.523  ;
; SW_Toggle[1] ; LED_Red[0]  ; 6.297  ; 6.297  ; 6.297  ; 6.297  ;
; SW_Toggle[2] ; HEX_0[0]    ; 10.463 ; 10.463 ; 10.463 ; 10.463 ;
; SW_Toggle[2] ; HEX_0[1]    ; 10.488 ; 10.488 ; 10.488 ; 10.488 ;
; SW_Toggle[2] ; HEX_0[2]    ; 10.806 ; 10.806 ; 10.806 ; 10.806 ;
; SW_Toggle[2] ; HEX_0[3]    ; 10.957 ; 10.957 ; 10.957 ; 10.957 ;
; SW_Toggle[2] ; HEX_0[4]    ; 10.873 ; 10.873 ; 10.873 ; 10.873 ;
; SW_Toggle[2] ; HEX_0[5]    ; 10.874 ; 10.874 ; 10.874 ; 10.874 ;
; SW_Toggle[2] ; HEX_0[6]    ; 9.985  ; 9.985  ; 9.985  ; 9.985  ;
; SW_Toggle[2] ; HEX_1[0]    ; 9.028  ; 9.028  ; 9.028  ; 9.028  ;
; SW_Toggle[2] ; HEX_1[1]    ; 9.336  ; 9.336  ; 9.336  ; 9.336  ;
; SW_Toggle[2] ; HEX_1[2]    ; 9.030  ; 9.030  ; 9.030  ; 9.030  ;
; SW_Toggle[2] ; HEX_1[3]    ; 9.357  ; 9.357  ; 9.357  ; 9.357  ;
; SW_Toggle[2] ; HEX_1[4]    ; 9.235  ; 9.235  ; 9.235  ; 9.235  ;
; SW_Toggle[2] ; HEX_1[5]    ; 9.271  ; 9.271  ; 9.271  ; 9.271  ;
; SW_Toggle[2] ; HEX_1[6]    ; 9.380  ; 9.380  ; 9.380  ; 9.380  ;
; SW_Toggle[2] ; HEX_2[0]    ; 9.705  ; 9.705  ; 9.705  ; 9.705  ;
; SW_Toggle[2] ; HEX_2[1]    ; 10.321 ; 10.321 ; 10.321 ; 10.321 ;
; SW_Toggle[2] ; HEX_2[2]    ; 10.357 ; 10.357 ; 10.357 ; 10.357 ;
; SW_Toggle[2] ; HEX_2[3]    ; 10.449 ; 10.449 ; 10.449 ; 10.449 ;
; SW_Toggle[2] ; HEX_2[4]    ; 10.544 ; 10.544 ; 10.544 ; 10.544 ;
; SW_Toggle[2] ; HEX_2[5]    ; 10.795 ; 10.795 ; 10.795 ; 10.795 ;
; SW_Toggle[2] ; HEX_2[6]    ; 10.690 ; 10.690 ; 10.690 ; 10.690 ;
; SW_Toggle[2] ; HEX_3[0]    ; 10.362 ; 10.362 ; 10.362 ; 10.362 ;
; SW_Toggle[2] ; HEX_3[1]    ; 10.007 ; 10.007 ; 10.007 ; 10.007 ;
; SW_Toggle[2] ; HEX_3[2]    ; 11.239 ; 11.239 ; 11.239 ; 11.239 ;
; SW_Toggle[2] ; HEX_3[3]    ; 9.760  ; 9.760  ; 9.760  ; 9.760  ;
; SW_Toggle[2] ; HEX_3[4]    ; 9.853  ; 9.853  ; 9.853  ; 9.853  ;
; SW_Toggle[2] ; HEX_3[5]    ; 9.426  ; 9.426  ; 9.426  ; 9.426  ;
; SW_Toggle[2] ; HEX_3[6]    ; 10.568 ; 10.568 ; 10.568 ; 10.568 ;
+--------------+-------------+--------+--------+--------+--------+


+----------------------------------------------------------------+
; Minimum Propagation Delay                                      ;
+--------------+-------------+--------+--------+--------+--------+
; Input Port   ; Output Port ; RR     ; RF     ; FR     ; FF     ;
+--------------+-------------+--------+--------+--------+--------+
; SW_Push[0]   ; LED_Red[0]  ; 9.992  ;        ;        ; 9.992  ;
; SW_Toggle[0] ; LED_Red[0]  ; 5.523  ; 5.523  ; 5.523  ; 5.523  ;
; SW_Toggle[1] ; LED_Red[0]  ; 6.297  ; 6.297  ; 6.297  ; 6.297  ;
; SW_Toggle[2] ; HEX_0[0]    ; 8.317  ; 8.317  ; 8.317  ; 8.317  ;
; SW_Toggle[2] ; HEX_0[1]    ; 8.348  ; 8.348  ; 8.348  ; 8.348  ;
; SW_Toggle[2] ; HEX_0[2]    ; 8.666  ; 8.666  ; 8.666  ; 8.666  ;
; SW_Toggle[2] ; HEX_0[3]    ; 8.816  ; 8.816  ; 8.816  ; 8.816  ;
; SW_Toggle[2] ; HEX_0[4]    ; 8.716  ; 8.716  ; 8.716  ; 8.716  ;
; SW_Toggle[2] ; HEX_0[5]    ; 8.732  ; 8.732  ; 8.732  ; 8.732  ;
; SW_Toggle[2] ; HEX_0[6]    ; 7.841  ; 7.841  ; 7.841  ; 7.841  ;
; SW_Toggle[2] ; HEX_1[0]    ; 8.418  ; 8.418  ; 8.418  ; 8.418  ;
; SW_Toggle[2] ; HEX_1[1]    ; 8.726  ; 8.726  ; 8.726  ; 8.726  ;
; SW_Toggle[2] ; HEX_1[2]    ; 8.420  ; 8.420  ; 8.420  ; 8.420  ;
; SW_Toggle[2] ; HEX_1[3]    ; 8.747  ; 8.747  ; 8.747  ; 8.747  ;
; SW_Toggle[2] ; HEX_1[4]    ; 8.623  ; 8.623  ; 8.623  ; 8.623  ;
; SW_Toggle[2] ; HEX_1[5]    ; 8.658  ; 8.658  ; 8.658  ; 8.658  ;
; SW_Toggle[2] ; HEX_1[6]    ; 8.770  ; 8.770  ; 8.770  ; 8.770  ;
; SW_Toggle[2] ; HEX_2[0]    ; 9.308  ; 9.308  ; 9.308  ; 9.308  ;
; SW_Toggle[2] ; HEX_2[1]    ; 9.915  ; 9.915  ; 9.915  ; 9.915  ;
; SW_Toggle[2] ; HEX_2[2]    ; 9.944  ; 9.944  ; 9.944  ; 9.944  ;
; SW_Toggle[2] ; HEX_2[3]    ; 10.051 ; 10.051 ; 10.051 ; 10.051 ;
; SW_Toggle[2] ; HEX_2[4]    ; 10.140 ; 10.140 ; 10.140 ; 10.140 ;
; SW_Toggle[2] ; HEX_2[5]    ; 10.418 ; 10.418 ; 10.418 ; 10.418 ;
; SW_Toggle[2] ; HEX_2[6]    ; 10.274 ; 10.274 ; 10.274 ; 10.274 ;
; SW_Toggle[2] ; HEX_3[0]    ; 9.873  ; 9.873  ; 9.873  ; 9.873  ;
; SW_Toggle[2] ; HEX_3[1]    ; 9.521  ; 9.521  ; 9.521  ; 9.521  ;
; SW_Toggle[2] ; HEX_3[2]    ; 10.782 ; 10.782 ; 10.782 ; 10.782 ;
; SW_Toggle[2] ; HEX_3[3]    ; 9.269  ; 9.269  ; 9.269  ; 9.269  ;
; SW_Toggle[2] ; HEX_3[4]    ; 9.367  ; 9.367  ; 9.367  ; 9.367  ;
; SW_Toggle[2] ; HEX_3[5]    ; 9.024  ; 9.024  ; 9.024  ; 9.024  ;
; SW_Toggle[2] ; HEX_3[6]    ; 10.081 ; 10.081 ; 10.081 ; 10.081 ;
+--------------+-------------+--------+--------+--------+--------+


----------------------------
; Fast Model Setup Summary ;
----------------------------
No paths to report.


---------------------------
; Fast Model Hold Summary ;
---------------------------
No paths to report.


-------------------------------
; Fast Model Recovery Summary ;
-------------------------------
No paths to report.


------------------------------
; Fast Model Removal Summary ;
------------------------------
No paths to report.


+----------------------------------------------+
; Fast Model Minimum Pulse Width Summary       ;
+---------------------+--------+---------------+
; Clock               ; Slack  ; End Point TNS ;
+---------------------+--------+---------------+
; altera_reserved_tck ; 97.778 ; 0.000         ;
+---------------------+--------+---------------+


+-------------------------------------------------------------------------------------------------------------+
; Fast Model Minimum Pulse Width: 'altera_reserved_tck'                                                       ;
+--------+--------------+----------------+-----------+---------------------+------------+---------------------+
; Slack  ; Actual Width ; Required Width ; Type      ; Clock               ; Clock Edge ; Target              ;
+--------+--------------+----------------+-----------+---------------------+------------+---------------------+
; 97.778 ; 100.000      ; 2.222          ; Port Rate ; altera_reserved_tck ; Rise       ; altera_reserved_tck ;
+--------+--------------+----------------+-----------+---------------------+------------+---------------------+


+------------------------------------------------------------+
; Propagation Delay                                          ;
+--------------+-------------+-------+-------+-------+-------+
; Input Port   ; Output Port ; RR    ; RF    ; FR    ; FF    ;
+--------------+-------------+-------+-------+-------+-------+
; SW_Push[0]   ; LED_Red[0]  ; 5.169 ;       ;       ; 5.169 ;
; SW_Toggle[0] ; LED_Red[0]  ; 2.609 ; 2.609 ; 2.609 ; 2.609 ;
; SW_Toggle[1] ; LED_Red[0]  ; 2.889 ; 2.889 ; 2.889 ; 2.889 ;
; SW_Toggle[2] ; HEX_0[0]    ; 4.599 ; 4.599 ; 4.599 ; 4.599 ;
; SW_Toggle[2] ; HEX_0[1]    ; 4.626 ; 4.626 ; 4.626 ; 4.626 ;
; SW_Toggle[2] ; HEX_0[2]    ; 4.741 ; 4.741 ; 4.741 ; 4.741 ;
; SW_Toggle[2] ; HEX_0[3]    ; 4.833 ; 4.833 ; 4.833 ; 4.833 ;
; SW_Toggle[2] ; HEX_0[4]    ; 4.786 ; 4.786 ; 4.786 ; 4.786 ;
; SW_Toggle[2] ; HEX_0[5]    ; 4.792 ; 4.792 ; 4.792 ; 4.792 ;
; SW_Toggle[2] ; HEX_0[6]    ; 4.489 ; 4.489 ; 4.489 ; 4.489 ;
; SW_Toggle[2] ; HEX_1[0]    ; 4.057 ; 4.057 ; 4.057 ; 4.057 ;
; SW_Toggle[2] ; HEX_1[1]    ; 4.121 ; 4.121 ; 4.121 ; 4.121 ;
; SW_Toggle[2] ; HEX_1[2]    ; 4.037 ; 4.037 ; 4.037 ; 4.037 ;
; SW_Toggle[2] ; HEX_1[3]    ; 4.138 ; 4.138 ; 4.138 ; 4.138 ;
; SW_Toggle[2] ; HEX_1[4]    ; 4.108 ; 4.108 ; 4.108 ; 4.108 ;
; SW_Toggle[2] ; HEX_1[5]    ; 4.137 ; 4.137 ; 4.137 ; 4.137 ;
; SW_Toggle[2] ; HEX_1[6]    ; 4.164 ; 4.164 ; 4.164 ; 4.164 ;
; SW_Toggle[2] ; HEX_2[0]    ; 4.343 ; 4.343 ; 4.343 ; 4.343 ;
; SW_Toggle[2] ; HEX_2[1]    ; 4.536 ; 4.536 ; 4.536 ; 4.536 ;
; SW_Toggle[2] ; HEX_2[2]    ; 4.572 ; 4.572 ; 4.572 ; 4.572 ;
; SW_Toggle[2] ; HEX_2[3]    ; 4.632 ; 4.632 ; 4.632 ; 4.632 ;
; SW_Toggle[2] ; HEX_2[4]    ; 4.648 ; 4.648 ; 4.648 ; 4.648 ;
; SW_Toggle[2] ; HEX_2[5]    ; 4.770 ; 4.770 ; 4.770 ; 4.770 ;
; SW_Toggle[2] ; HEX_2[6]    ; 4.693 ; 4.693 ; 4.693 ; 4.693 ;
; SW_Toggle[2] ; HEX_3[0]    ; 4.552 ; 4.552 ; 4.552 ; 4.552 ;
; SW_Toggle[2] ; HEX_3[1]    ; 4.535 ; 4.535 ; 4.535 ; 4.535 ;
; SW_Toggle[2] ; HEX_3[2]    ; 5.084 ; 5.084 ; 5.084 ; 5.084 ;
; SW_Toggle[2] ; HEX_3[3]    ; 4.355 ; 4.355 ; 4.355 ; 4.355 ;
; SW_Toggle[2] ; HEX_3[4]    ; 4.353 ; 4.353 ; 4.353 ; 4.353 ;
; SW_Toggle[2] ; HEX_3[5]    ; 4.288 ; 4.288 ; 4.288 ; 4.288 ;
; SW_Toggle[2] ; HEX_3[6]    ; 4.652 ; 4.652 ; 4.652 ; 4.652 ;
+--------------+-------------+-------+-------+-------+-------+


+------------------------------------------------------------+
; Minimum Propagation Delay                                  ;
+--------------+-------------+-------+-------+-------+-------+
; Input Port   ; Output Port ; RR    ; RF    ; FR    ; FF    ;
+--------------+-------------+-------+-------+-------+-------+
; SW_Push[0]   ; LED_Red[0]  ; 5.169 ;       ;       ; 5.169 ;
; SW_Toggle[0] ; LED_Red[0]  ; 2.609 ; 2.609 ; 2.609 ; 2.609 ;
; SW_Toggle[1] ; LED_Red[0]  ; 2.889 ; 2.889 ; 2.889 ; 2.889 ;
; SW_Toggle[2] ; HEX_0[0]    ; 3.710 ; 3.710 ; 3.710 ; 3.710 ;
; SW_Toggle[2] ; HEX_0[1]    ; 3.742 ; 3.742 ; 3.742 ; 3.742 ;
; SW_Toggle[2] ; HEX_0[2]    ; 3.858 ; 3.858 ; 3.858 ; 3.858 ;
; SW_Toggle[2] ; HEX_0[3]    ; 3.949 ; 3.949 ; 3.949 ; 3.949 ;
; SW_Toggle[2] ; HEX_0[4]    ; 3.889 ; 3.889 ; 3.889 ; 3.889 ;
; SW_Toggle[2] ; HEX_0[5]    ; 3.906 ; 3.906 ; 3.906 ; 3.906 ;
; SW_Toggle[2] ; HEX_0[6]    ; 3.602 ; 3.602 ; 3.602 ; 3.602 ;
; SW_Toggle[2] ; HEX_1[0]    ; 3.831 ; 3.831 ; 3.831 ; 3.831 ;
; SW_Toggle[2] ; HEX_1[1]    ; 3.895 ; 3.895 ; 3.895 ; 3.895 ;
; SW_Toggle[2] ; HEX_1[2]    ; 3.809 ; 3.809 ; 3.809 ; 3.809 ;
; SW_Toggle[2] ; HEX_1[3]    ; 3.912 ; 3.912 ; 3.912 ; 3.912 ;
; SW_Toggle[2] ; HEX_1[4]    ; 3.882 ; 3.882 ; 3.882 ; 3.882 ;
; SW_Toggle[2] ; HEX_1[5]    ; 3.910 ; 3.910 ; 3.910 ; 3.910 ;
; SW_Toggle[2] ; HEX_1[6]    ; 3.939 ; 3.939 ; 3.939 ; 3.939 ;
; SW_Toggle[2] ; HEX_2[0]    ; 4.210 ; 4.210 ; 4.210 ; 4.210 ;
; SW_Toggle[2] ; HEX_2[1]    ; 4.400 ; 4.400 ; 4.400 ; 4.400 ;
; SW_Toggle[2] ; HEX_2[2]    ; 4.432 ; 4.432 ; 4.432 ; 4.432 ;
; SW_Toggle[2] ; HEX_2[3]    ; 4.499 ; 4.499 ; 4.499 ; 4.499 ;
; SW_Toggle[2] ; HEX_2[4]    ; 4.512 ; 4.512 ; 4.512 ; 4.512 ;
; SW_Toggle[2] ; HEX_2[5]    ; 4.630 ; 4.630 ; 4.630 ; 4.630 ;
; SW_Toggle[2] ; HEX_2[6]    ; 4.551 ; 4.551 ; 4.551 ; 4.551 ;
; SW_Toggle[2] ; HEX_3[0]    ; 4.396 ; 4.396 ; 4.396 ; 4.396 ;
; SW_Toggle[2] ; HEX_3[1]    ; 4.382 ; 4.382 ; 4.382 ; 4.382 ;
; SW_Toggle[2] ; HEX_3[2]    ; 4.921 ; 4.921 ; 4.921 ; 4.921 ;
; SW_Toggle[2] ; HEX_3[3]    ; 4.199 ; 4.199 ; 4.199 ; 4.199 ;
; SW_Toggle[2] ; HEX_3[4]    ; 4.197 ; 4.197 ; 4.197 ; 4.197 ;
; SW_Toggle[2] ; HEX_3[5]    ; 4.131 ; 4.131 ; 4.131 ; 4.131 ;
; SW_Toggle[2] ; HEX_3[6]    ; 4.499 ; 4.499 ; 4.499 ; 4.499 ;
+--------------+-------------+-------+-------+-------+-------+


+--------------------------------------------------------------------------------+
; Multicorner Timing Analysis Summary                                            ;
+----------------------+-------+------+----------+---------+---------------------+
; Clock                ; Setup ; Hold ; Recovery ; Removal ; Minimum Pulse Width ;
+----------------------+-------+------+----------+---------+---------------------+
; Worst-case Slack     ; N/A   ; N/A  ; N/A      ; N/A     ; 97.531              ;
;  altera_reserved_tck ; N/A   ; N/A  ; N/A      ; N/A     ; 97.531              ;
; Design-wide TNS      ; 0.0   ; 0.0  ; 0.0      ; 0.0     ; 0.0                 ;
;  altera_reserved_tck ; N/A   ; N/A  ; N/A      ; N/A     ; 0.000               ;
+----------------------+-------+------+----------+---------+---------------------+


+----------------------------------------------------------------+
; Progagation Delay                                              ;
+--------------+-------------+--------+--------+--------+--------+
; Input Port   ; Output Port ; RR     ; RF     ; FR     ; FF     ;
+--------------+-------------+--------+--------+--------+--------+
; SW_Push[0]   ; LED_Red[0]  ; 9.992  ;        ;        ; 9.992  ;
; SW_Toggle[0] ; LED_Red[0]  ; 5.523  ; 5.523  ; 5.523  ; 5.523  ;
; SW_Toggle[1] ; LED_Red[0]  ; 6.297  ; 6.297  ; 6.297  ; 6.297  ;
; SW_Toggle[2] ; HEX_0[0]    ; 10.463 ; 10.463 ; 10.463 ; 10.463 ;
; SW_Toggle[2] ; HEX_0[1]    ; 10.488 ; 10.488 ; 10.488 ; 10.488 ;
; SW_Toggle[2] ; HEX_0[2]    ; 10.806 ; 10.806 ; 10.806 ; 10.806 ;
; SW_Toggle[2] ; HEX_0[3]    ; 10.957 ; 10.957 ; 10.957 ; 10.957 ;
; SW_Toggle[2] ; HEX_0[4]    ; 10.873 ; 10.873 ; 10.873 ; 10.873 ;
; SW_Toggle[2] ; HEX_0[5]    ; 10.874 ; 10.874 ; 10.874 ; 10.874 ;
; SW_Toggle[2] ; HEX_0[6]    ; 9.985  ; 9.985  ; 9.985  ; 9.985  ;
; SW_Toggle[2] ; HEX_1[0]    ; 9.028  ; 9.028  ; 9.028  ; 9.028  ;
; SW_Toggle[2] ; HEX_1[1]    ; 9.336  ; 9.336  ; 9.336  ; 9.336  ;
; SW_Toggle[2] ; HEX_1[2]    ; 9.030  ; 9.030  ; 9.030  ; 9.030  ;
; SW_Toggle[2] ; HEX_1[3]    ; 9.357  ; 9.357  ; 9.357  ; 9.357  ;
; SW_Toggle[2] ; HEX_1[4]    ; 9.235  ; 9.235  ; 9.235  ; 9.235  ;
; SW_Toggle[2] ; HEX_1[5]    ; 9.271  ; 9.271  ; 9.271  ; 9.271  ;
; SW_Toggle[2] ; HEX_1[6]    ; 9.380  ; 9.380  ; 9.380  ; 9.380  ;
; SW_Toggle[2] ; HEX_2[0]    ; 9.705  ; 9.705  ; 9.705  ; 9.705  ;
; SW_Toggle[2] ; HEX_2[1]    ; 10.321 ; 10.321 ; 10.321 ; 10.321 ;
; SW_Toggle[2] ; HEX_2[2]    ; 10.357 ; 10.357 ; 10.357 ; 10.357 ;
; SW_Toggle[2] ; HEX_2[3]    ; 10.449 ; 10.449 ; 10.449 ; 10.449 ;
; SW_Toggle[2] ; HEX_2[4]    ; 10.544 ; 10.544 ; 10.544 ; 10.544 ;
; SW_Toggle[2] ; HEX_2[5]    ; 10.795 ; 10.795 ; 10.795 ; 10.795 ;
; SW_Toggle[2] ; HEX_2[6]    ; 10.690 ; 10.690 ; 10.690 ; 10.690 ;
; SW_Toggle[2] ; HEX_3[0]    ; 10.362 ; 10.362 ; 10.362 ; 10.362 ;
; SW_Toggle[2] ; HEX_3[1]    ; 10.007 ; 10.007 ; 10.007 ; 10.007 ;
; SW_Toggle[2] ; HEX_3[2]    ; 11.239 ; 11.239 ; 11.239 ; 11.239 ;
; SW_Toggle[2] ; HEX_3[3]    ; 9.760  ; 9.760  ; 9.760  ; 9.760  ;
; SW_Toggle[2] ; HEX_3[4]    ; 9.853  ; 9.853  ; 9.853  ; 9.853  ;
; SW_Toggle[2] ; HEX_3[5]    ; 9.426  ; 9.426  ; 9.426  ; 9.426  ;
; SW_Toggle[2] ; HEX_3[6]    ; 10.568 ; 10.568 ; 10.568 ; 10.568 ;
+--------------+-------------+--------+--------+--------+--------+


+------------------------------------------------------------+
; Minimum Progagation Delay                                  ;
+--------------+-------------+-------+-------+-------+-------+
; Input Port   ; Output Port ; RR    ; RF    ; FR    ; FF    ;
+--------------+-------------+-------+-------+-------+-------+
; SW_Push[0]   ; LED_Red[0]  ; 5.169 ;       ;       ; 5.169 ;
; SW_Toggle[0] ; LED_Red[0]  ; 2.609 ; 2.609 ; 2.609 ; 2.609 ;
; SW_Toggle[1] ; LED_Red[0]  ; 2.889 ; 2.889 ; 2.889 ; 2.889 ;
; SW_Toggle[2] ; HEX_0[0]    ; 3.710 ; 3.710 ; 3.710 ; 3.710 ;
; SW_Toggle[2] ; HEX_0[1]    ; 3.742 ; 3.742 ; 3.742 ; 3.742 ;
; SW_Toggle[2] ; HEX_0[2]    ; 3.858 ; 3.858 ; 3.858 ; 3.858 ;
; SW_Toggle[2] ; HEX_0[3]    ; 3.949 ; 3.949 ; 3.949 ; 3.949 ;
; SW_Toggle[2] ; HEX_0[4]    ; 3.889 ; 3.889 ; 3.889 ; 3.889 ;
; SW_Toggle[2] ; HEX_0[5]    ; 3.906 ; 3.906 ; 3.906 ; 3.906 ;
; SW_Toggle[2] ; HEX_0[6]    ; 3.602 ; 3.602 ; 3.602 ; 3.602 ;
; SW_Toggle[2] ; HEX_1[0]    ; 3.831 ; 3.831 ; 3.831 ; 3.831 ;
; SW_Toggle[2] ; HEX_1[1]    ; 3.895 ; 3.895 ; 3.895 ; 3.895 ;
; SW_Toggle[2] ; HEX_1[2]    ; 3.809 ; 3.809 ; 3.809 ; 3.809 ;
; SW_Toggle[2] ; HEX_1[3]    ; 3.912 ; 3.912 ; 3.912 ; 3.912 ;
; SW_Toggle[2] ; HEX_1[4]    ; 3.882 ; 3.882 ; 3.882 ; 3.882 ;
; SW_Toggle[2] ; HEX_1[5]    ; 3.910 ; 3.910 ; 3.910 ; 3.910 ;
; SW_Toggle[2] ; HEX_1[6]    ; 3.939 ; 3.939 ; 3.939 ; 3.939 ;
; SW_Toggle[2] ; HEX_2[0]    ; 4.210 ; 4.210 ; 4.210 ; 4.210 ;
; SW_Toggle[2] ; HEX_2[1]    ; 4.400 ; 4.400 ; 4.400 ; 4.400 ;
; SW_Toggle[2] ; HEX_2[2]    ; 4.432 ; 4.432 ; 4.432 ; 4.432 ;
; SW_Toggle[2] ; HEX_2[3]    ; 4.499 ; 4.499 ; 4.499 ; 4.499 ;
; SW_Toggle[2] ; HEX_2[4]    ; 4.512 ; 4.512 ; 4.512 ; 4.512 ;
; SW_Toggle[2] ; HEX_2[5]    ; 4.630 ; 4.630 ; 4.630 ; 4.630 ;
; SW_Toggle[2] ; HEX_2[6]    ; 4.551 ; 4.551 ; 4.551 ; 4.551 ;
; SW_Toggle[2] ; HEX_3[0]    ; 4.396 ; 4.396 ; 4.396 ; 4.396 ;
; SW_Toggle[2] ; HEX_3[1]    ; 4.382 ; 4.382 ; 4.382 ; 4.382 ;
; SW_Toggle[2] ; HEX_3[2]    ; 4.921 ; 4.921 ; 4.921 ; 4.921 ;
; SW_Toggle[2] ; HEX_3[3]    ; 4.199 ; 4.199 ; 4.199 ; 4.199 ;
; SW_Toggle[2] ; HEX_3[4]    ; 4.197 ; 4.197 ; 4.197 ; 4.197 ;
; SW_Toggle[2] ; HEX_3[5]    ; 4.131 ; 4.131 ; 4.131 ; 4.131 ;
; SW_Toggle[2] ; HEX_3[6]    ; 4.499 ; 4.499 ; 4.499 ; 4.499 ;
+--------------+-------------+-------+-------+-------+-------+


-------------------
; Clock Transfers ;
-------------------
Nothing to report.


---------------
; Report TCCS ;
---------------
No dedicated SERDES Transmitter circuitry present in device or used in design


---------------
; Report RSKM ;
---------------
No dedicated SERDES Receiver circuitry present in device or used in design


+------------------------------------------------+
; Unconstrained Paths                            ;
+---------------------------------+-------+------+
; Property                        ; Setup ; Hold ;
+---------------------------------+-------+------+
; Illegal Clocks                  ; 0     ; 0    ;
; Unconstrained Clocks            ; 6     ; 6    ;
; Unconstrained Input Ports       ; 5     ; 5    ;
; Unconstrained Input Port Paths  ; 391   ; 391  ;
; Unconstrained Output Ports      ; 81    ; 81   ;
; Unconstrained Output Port Paths ; 488   ; 488  ;
+---------------------------------+-------+------+


+------------------------------------+
; TimeQuest Timing Analyzer Messages ;
+------------------------------------+
Info: *******************************************************************
Info: Running Quartus II 32-bit TimeQuest Timing Analyzer
    Info: Version 12.1 Build 177 11/07/2012 SJ Web Edition
    Info: Processing started: Sun Jan 27 22:47:37 2013
Info: Command: quartus_sta MDOnAChip -c MDOnAChip
Info: qsta_default_script.tcl version: #1
Info (20032): Parallel compilation is enabled and will use up to 2 processors
Info (21077): Low junction temperature is 0 degrees C
Info (21077): High junction temperature is 85 degrees C
Warning (335093): TimeQuest Timing Analyzer is analyzing 50 combinational loops as latches.
Info (332164): Evaluating HDL-embedded SDC commands
    Info (332165): Entity dcfifo_bei1
        Info (332166): set_false_path -from *rdptr_g* -to *ws_dgrp|dffpipe_uu8:dffpipe15|dffe16a* 
        Info (332166): set_false_path -from *delayed_wrptr_g* -to *rs_dgwp|dffpipe_tu8:dffpipe12|dffe13a* 
    Info (332165): Entity sld_jtag_hub
        Info (332166): create_clock -period 10MHz -name altera_reserved_tck [get_ports {altera_reserved_tck}]
        Info (332166): set_clock_groups -asynchronous -group {altera_reserved_tck}
Warning (332174): Ignored filter at qsta_default_script.tcl(1028): *rdptr_g* could not be matched with a clock or keeper or register or port or pin or cell or partition
Warning (332174): Ignored filter at qsta_default_script.tcl(1028): *ws_dgrp|dffpipe_uu8:dffpipe15|dffe16a* could not be matched with a clock or keeper or register or port or pin or cell or partition
Warning (332049): Ignored set_false_path at qsta_default_script.tcl(1028): Argument <from> is not an object ID
    Info (332050): read_sdc
Warning (332049): Ignored set_false_path at qsta_default_script.tcl(1028): Argument <to> is not an object ID
Warning (332174): Ignored filter at qsta_default_script.tcl(1028): *delayed_wrptr_g* could not be matched with a clock or keeper or register or port or pin or cell or partition
Warning (332174): Ignored filter at qsta_default_script.tcl(1028): *rs_dgwp|dffpipe_tu8:dffpipe12|dffe13a* could not be matched with a clock or keeper or register or port or pin or cell or partition
Warning (332049): Ignored set_false_path at qsta_default_script.tcl(1028): Argument <from> is not an object ID
    Info (332050): read_sdc
Warning (332049): Ignored set_false_path at qsta_default_script.tcl(1028): Argument <to> is not an object ID
Critical Warning (332012): Synopsys Design Constraints File file not found: 'MDOnAChip.sdc'. A Synopsys Design Constraints File is required by the TimeQuest Timing Analyzer to get proper timing constraints. Without it, the Compiler will not properly optimize the design.
Warning (332060): Node: SW_Push[0] was determined to be a clock but was found without an associated clock assignment.
Warning (332060): Node: TG68:CPU|TG68_fast:TG68_fast_inst|TG68_PC[18] was determined to be a clock but was found without an associated clock assignment.
Warning (332060): Node: CLK_24 was determined to be a clock but was found without an associated clock assignment.
Warning (332060): Node: SRAMController:SRAMMultiplexer|OS_State[0] was determined to be a clock but was found without an associated clock assignment.
Warning (332060): Node: TG68:CPU|TG68_fast:TG68_fast_inst|state[0] was determined to be a clock but was found without an associated clock assignment.
Warning (332060): Node: CLK_50 was determined to be a clock but was found without an associated clock assignment.
Warning (332056): PLL cross checking found inconsistent PLL clock settings:
    Warning (332056): Node: MegaDriveClkPLL|altpll_component|pll|clk[0] was found missing 1 generated clock that corresponds to a base clock with a period of: 41.666
    Warning (332056): Node: MainPLL|altpll_component|pll|clk[0] was found missing 1 generated clock that corresponds to a base clock with a period of: 20.000
    Warning (332056): Node: MainPLL|altpll_component|pll|clk[1] was found missing 1 generated clock that corresponds to a base clock with a period of: 20.000
Info: Found TIMEQUEST_REPORT_SCRIPT_INCLUDE_DEFAULT_ANALYSIS = ON
Info: Analyzing Slow Model
Info (332140): No fmax paths to report
Info (332140): No Setup paths to report
Info (332140): No Hold paths to report
Info (332140): No Recovery paths to report
Info (332140): No Removal paths to report
Info (332146): Worst-case minimum pulse width slack is 97.531
    Info (332119):     Slack End Point TNS Clock 
    Info (332119): ========= ============= =====================
    Info (332119):    97.531         0.000 altera_reserved_tck 
Info (332001): The selected device family is not supported by the report_metastability command.
Info: Analyzing Fast Model
Warning (332060): Node: SW_Push[0] was determined to be a clock but was found without an associated clock assignment.
Warning (332060): Node: TG68:CPU|TG68_fast:TG68_fast_inst|TG68_PC[18] was determined to be a clock but was found without an associated clock assignment.
Warning (332060): Node: CLK_24 was determined to be a clock but was found without an associated clock assignment.
Warning (332060): Node: SRAMController:SRAMMultiplexer|OS_State[0] was determined to be a clock but was found without an associated clock assignment.
Warning (332060): Node: TG68:CPU|TG68_fast:TG68_fast_inst|state[0] was determined to be a clock but was found without an associated clock assignment.
Warning (332060): Node: CLK_50 was determined to be a clock but was found without an associated clock assignment.
Warning (332056): PLL cross checking found inconsistent PLL clock settings:
    Warning (332056): Node: MegaDriveClkPLL|altpll_component|pll|clk[0] was found missing 1 generated clock that corresponds to a base clock with a period of: 41.666
    Warning (332056): Node: MainPLL|altpll_component|pll|clk[0] was found missing 1 generated clock that corresponds to a base clock with a period of: 20.000
    Warning (332056): Node: MainPLL|altpll_component|pll|clk[1] was found missing 1 generated clock that corresponds to a base clock with a period of: 20.000
Info (332140): No Setup paths to report
Info (332140): No Hold paths to report
Info (332140): No Recovery paths to report
Info (332140): No Removal paths to report
Info (332146): Worst-case minimum pulse width slack is 97.778
    Info (332119):     Slack End Point TNS Clock 
    Info (332119): ========= ============= =====================
    Info (332119):    97.778         0.000 altera_reserved_tck 
Info (332001): The selected device family is not supported by the report_metastability command.
Info (332102): Design is not fully constrained for setup requirements
Info (332102): Design is not fully constrained for hold requirements
Info: Quartus II 32-bit TimeQuest Timing Analyzer was successful. 0 errors, 30 warnings
    Info: Peak virtual memory: 328 megabytes
    Info: Processing ended: Sun Jan 27 22:47:42 2013
    Info: Elapsed time: 00:00:05
    Info: Total CPU time (on all processors): 00:00:05


